<html>
<body>
<pre>
<h1>µVision Build Log</h1>
<h2>Tool Versions:</h2>
IDE-Version: ¦ÌVision V5.27.1.0
Copyright (C) 2019 ARM Ltd and ARM Germany GmbH. All rights reserved.
License Information: dar Administrator, s, LIC=PE7Z9-4FXHS-3MQ9Q-NIMIV-3ST4H-LBY8A
 
Tool Versions:
Toolchain:       MDK-ARM Plus  Version: 5.27.1.0
Toolchain Path:  D:\keil\ARM\ARMCC\Bin
C Compiler:      Armcc.exe V5.06 update 6 (build 750)
Assembler:       Armasm.exe V5.06 update 6 (build 750)
Linker/Locator:  ArmLink.exe V5.06 update 6 (build 750)
Library Manager: ArmAr.exe V5.06 update 6 (build 750)
Hex Converter:   FromElf.exe V5.06 update 6 (build 750)
CPU DLL:         SARMCM3.DLL V5.27.1.0
Dialog DLL:      DCM.DLL V1.17.2.0
Target DLL:      Segger\JL2CM3.dll V2.99.23.0
Dialog DLL:      TCM.DLL V1.36.1.0
 
<h2>Project:</h2>
F:\stm32f407\SRC800-bootloader\bootloader\MDK-ARM\bootloader.uvprojx
Project File Date:  06/10/2021

<h2>Output:</h2>
*** Using Compiler 'V5.06 update 6 (build 750)', folder: 'D:\keil\ARM\ARMCC\Bin'
Build target 'bootloader'
compiling menu.c...
..\Core\Src\menu.c(227): warning:  #1182-D: a declaration cannot have a label
  		char xx = 'C';
..\Core\Src\menu.c(288): warning:  #111-D: statement is unreachable
  		break;
..\Core\Src\menu.c(223): warning:  #546-D: transfer of control bypasses initialization of:
            variable "xx"  (declared at line 227)
      switch (key)
      ^
..\Core\Src\menu.c: 3 warnings, 0 errors
linking...
Program Size: Code=16432 RO-data=924 RW-data=156 ZI-data=3476  
FromELF: creating hex file...
"bootloader\bootloader.axf" - 0 Error(s), 3 Warning(s).

<h2>Software Packages used:</h2>

Package Vendor: ARM
                http://www.keil.com/pack/ARM.CMSIS.5.5.1.pack
                ARM.CMSIS.5.5.1
                CMSIS (Cortex Microcontroller Software Interface Standard)
   * Component: CORE Version: 5.2.0

Package Vendor: Keil
                http://www.keil.com/pack/Keil.STM32F4xx_DFP.2.14.0.pack
                Keil.STM32F4xx_DFP.2.14.0
                STMicroelectronics STM32F4 Series Device Support, Drivers and Examples

<h2>Collection of Component include folders:</h2>
  .\RTE\_bootloader
  D:\keil\keil-pack\ARM\CMSIS\5.5.1\CMSIS\Core\Include
  D:\keil\keil-pack\Keil\STM32F4xx_DFP\2.14.0\Drivers\CMSIS\Device\ST\STM32F4xx\Include

<h2>Collection of Component Files used:</h2>

   * Component: ARM::CMSIS:CORE:5.2.0
Build Time Elapsed:  00:00:02
</pre>
</body>
</html>
